// Jest Snapshot v1, https://jestjs.io/docs/snapshot-testing

exports[`apidocConfig should parse custom settings and return an object 1`] = `
{
  "delayResponse": "3000",
}
`;
