// Jest Snapshot v1, https://goo.gl/fbAQLP

exports[`logger should return specific properties: specific properties 1`] = `
[
  "logger",
]
`;
