// Jest Snapshot v1, https://goo.gl/fbAQLP

exports[`CLI should use custom options: custom 1`] = `"{"port":9000,"dataPath":["lorem","ipsum"],"docsPath":"dolorDocs"}"`;

exports[`CLI should use default options: defaults 1`] = `"{"port":8000,"docsPath":"./.docs"}"`;
